<project version="4">
  <component name="ChangeListManager">
    <ignored path=".idea/"/>
    <ignored path=".idea_modules/"/>
  </component>
</project>