K 10
svn:ignore
V 36
target
*.xml

.idea/
.idea_modules/

END
